// Jest Snapshot v1, https://goo.gl/fbAQLP

exports[`matches snapshot 1`] = `
<div
  className="bg-stone-100 min-h-screen"
>
  <div
    className="mx-auto flex flex-col items-center justify-center h-full"
  >
    <div
      className="w-full bg-slate-800 p-5 text-white flex flex-row flex-nowrap justify-between"
    >
      <a
        className="mx-2"
        href="/"
      >
        <span
          className="text-4xl font-extrabold italic text-blue-400 mr-1"
        >
          H
        </span>
        <span
          className="text-4xl"
        >
          opOut
        </span>
      </a>
      <div
        className="flex justify-end content-end items-end right-0 text-2xl font-semibold space-x-4 mx-2 mr-4"
      >
        <a
          className="hover:text-blue-400"
          href="/addFriends"
        >
          <svg
            aria-hidden="true"
            className="svg-inline--fa fa-user-group px-1"
            data-icon="user-group"
            data-prefix="fas"
            focusable="false"
            role="img"
            style={Object {}}
            viewBox="0 0 640 512"
            xmlns="http://www.w3.org/2000/svg"
          >
            <path
              d="M96 128a128 128 0 1 1 256 0A128 128 0 1 1 96 128zM0 482.3C0 383.8 79.8 304 178.3 304h91.4C368.2 304 448 383.8 448 482.3c0 16.4-13.3 29.7-29.7 29.7H29.7C13.3 512 0 498.7 0 482.3zM609.3 512H471.4c5.4-9.4 8.6-20.3 8.6-32v-8c0-60.7-27.1-115.2-69.8-151.8c2.4-.1 4.7-.2 7.1-.2h61.4C567.8 320 640 392.2 640 481.3c0 17-13.8 30.7-30.7 30.7zM432 256c-31 0-59-12.6-79.3-32.9C372.4 196.5 384 163.6 384 128c0-26.8-6.6-52.1-18.3-74.3C384.3 40.1 407.2 32 432 32c61.9 0 112 50.1 112 112s-50.1 112-112 112z"
              fill="currentColor"
              style={Object {}}
            />
          </svg>
          <span
            className="pl-1 invisible hidden md:visible md:inline"
          >
            Users
          </span>
        </a>
        <a
          className="hover:text-blue-400"
          href="/events"
        >
          <svg
            aria-hidden="true"
            className="svg-inline--fa fa-calendar px-1"
            data-icon="calendar"
            data-prefix="fas"
            focusable="false"
            role="img"
            style={Object {}}
            viewBox="0 0 448 512"
            xmlns="http://www.w3.org/2000/svg"
          >
            <path
              d="M96 32V64H48C21.5 64 0 85.5 0 112v48H448V112c0-26.5-21.5-48-48-48H352V32c0-17.7-14.3-32-32-32s-32 14.3-32 32V64H160V32c0-17.7-14.3-32-32-32S96 14.3 96 32zM448 192H0V464c0 26.5 21.5 48 48 48H400c26.5 0 48-21.5 48-48V192z"
              fill="currentColor"
              style={Object {}}
            />
          </svg>
          <span
            className="pl-1 invisible hidden md:visible md:inline"
          >
            Events
          </span>
        </a>
        <a
          className="hover:text-blue-400"
          href="/create"
        >
          <svg
            aria-hidden="true"
            className="svg-inline--fa fa-plus px-1"
            data-icon="plus"
            data-prefix="fas"
            focusable="false"
            role="img"
            style={Object {}}
            viewBox="0 0 448 512"
            xmlns="http://www.w3.org/2000/svg"
          >
            <path
              d="M240 80c0-17.7-14.3-32-32-32s-32 14.3-32 32V224H32c-17.7 0-32 14.3-32 32s14.3 32 32 32H176V432c0 17.7 14.3 32 32 32s32-14.3 32-32V288H384c17.7 0 32-14.3 32-32s-14.3-32-32-32H240V80z"
              fill="currentColor"
              style={Object {}}
            />
          </svg>
          <span
            className="pl-1 invisible hidden md:visible md:inline"
          >
            Create
          </span>
        </a>
        <div>
          <div
            className="w-fit"
            data-testid="flowbite-tooltip-target"
            onBlur={[Function]}
            onClick={[Function]}
            onFocus={[Function]}
            onKeyDown={[Function]}
            onKeyUp={[Function]}
            onMouseDown={[Function]}
            onMouseLeave={[Function]}
            onPointerDown={[Function]}
          >
            <button
              className="flex items-center"
            >
              <div
                className="hover:text-blue-400"
              >
                <svg
                  aria-hidden="true"
                  className="svg-inline--fa fa-bell px-1"
                  data-icon="bell"
                  data-prefix="fas"
                  focusable="false"
                  role="img"
                  style={Object {}}
                  viewBox="0 0 448 512"
                  xmlns="http://www.w3.org/2000/svg"
                >
                  <path
                    d="M224 0c-17.7 0-32 14.3-32 32V51.2C119 66 64 130.6 64 208v18.8c0 47-17.3 92.4-48.5 127.6l-7.4 8.3c-8.4 9.4-10.4 22.9-5.3 34.4S19.4 416 32 416H416c12.6 0 24-7.4 29.2-18.9s3.1-25-5.3-34.4l-7.4-8.3C401.3 319.2 384 273.9 384 226.8V208c0-77.4-55-142-128-156.8V32c0-17.7-14.3-32-32-32zm45.3 493.3c12-12 18.7-28.3 18.7-45.3H224 160c0 17 6.7 33.3 18.7 45.3s28.3 18.7 45.3 18.7s33.3-6.7 45.3-18.7z"
                    fill="currentColor"
                    style={Object {}}
                  />
                </svg>
                <span
                  className="pl-1 invisible hidden md:visible md:inline"
                />
              </div>
            </button>
          </div>
          <div
            className="z-10 w-fit rounded divide-y divide-gray-100 shadow transition-opacity duration-100 invisible opacity-0 border border-gray-200 bg-white text-gray-900 dark:border-none dark:bg-gray-700 dark:text-white"
            data-testid="flowbite-tooltip"
            id=":r0:"
            role="tooltip"
            style={
              Object {
                "left": " ",
                "position": "absolute",
                "top": " ",
              }
            }
            tabIndex={-1}
          >
            <div
              className="py-1 text-sm text-gray-700 dark:text-gray-200"
            >
              <ul
                className="py-1"
              >
                <li
                  className="flex items-center justify-start py-2 px-4 text-sm text-gray-700 cursor-pointer hover:bg-gray-100 dark:text-gray-200 dark:hover:bg-gray-600 dark:hover:text-white"
                  onClick={[Function]}
                >
                  No notifications!
                </li>
              </ul>
            </div>
          </div>
        </div>
        <div
          className="w-fit"
          data-testid="flowbite-tooltip-target"
          onBlur={[Function]}
          onClick={[Function]}
          onFocus={[Function]}
          onKeyDown={[Function]}
          onKeyUp={[Function]}
          onMouseDown={[Function]}
          onMouseLeave={[Function]}
          onPointerDown={[Function]}
        >
          <button
            className="flex items-center"
          >
            <div
              className="hover:text-blue-400"
            >
              <svg
                aria-hidden="true"
                className="svg-inline--fa fa-user px-1"
                data-icon="user"
                data-prefix="fas"
                focusable="false"
                role="img"
                style={Object {}}
                viewBox="0 0 448 512"
                xmlns="http://www.w3.org/2000/svg"
              >
                <path
                  d="M224 256A128 128 0 1 0 224 0a128 128 0 1 0 0 256zm-45.7 48C79.8 304 0 383.8 0 482.3C0 498.7 13.3 512 29.7 512H418.3c16.4 0 29.7-13.3 29.7-29.7C448 383.8 368.2 304 269.7 304H178.3z"
                  fill="currentColor"
                  style={Object {}}
                />
              </svg>
              <span
                className="pl-1 invisible hidden md:visible md:inline"
              >
                Account
              </span>
            </div>
          </button>
        </div>
        <div
          className="z-10 w-fit rounded divide-y divide-gray-100 shadow transition-opacity duration-100 invisible opacity-0 border border-gray-200 bg-white text-gray-900 dark:border-none dark:bg-gray-700 dark:text-white"
          data-testid="flowbite-tooltip"
          id=":r2:"
          role="tooltip"
          style={
            Object {
              "left": " ",
              "position": "absolute",
              "top": " ",
            }
          }
          tabIndex={-1}
        >
          <div
            className="py-1 text-sm text-gray-700 dark:text-gray-200"
          >
            <ul
              className="py-1"
            >
              <li
                className="flex items-center justify-start py-2 px-4 text-sm text-gray-700 cursor-pointer hover:bg-gray-100 dark:text-gray-200 dark:hover:bg-gray-600 dark:hover:text-white"
                onClick={[Function]}
              >
                <a
                  href="/account"
                >
                  Account
                </a>
              </li>
              <li
                className="flex items-center justify-start py-2 px-4 text-sm text-gray-700 cursor-pointer hover:bg-gray-100 dark:text-gray-200 dark:hover:bg-gray-600 dark:hover:text-white"
                onClick={[Function]}
              >
                <a
                  href="/"
                >
                  Sign out
                </a>
              </li>
            </ul>
          </div>
        </div>
      </div>
    </div>
    <div
      className="mt-5 w-11/12 flex flex-row flex-nowrap justify-between"
    >
      <div>
        <button
          aria-checked={false}
          className="bg-gray-400 relative inline-flex h-6 w-11 items-center rounded-full"
          data-headlessui-state=""
          id="headlessui-switch-:r4:"
          onClick={[Function]}
          onKeyPress={[Function]}
          onKeyUp={[Function]}
          role="switch"
          tabIndex={0}
          type="button"
        >
          <span
            className="translate-x-1 inline-block h-4 w-4 transform rounded-full bg-white transition"
          />
        </button>
        <span
          className="pl-2"
        >
          Toggle List View
        </span>
      </div>
      <div
        className="justify-end content-end items-end right-0"
      >
        <div
          className="flex flew-row flex-nowrap"
        >
          <div
            className="mr-4"
          >
            <div
              className="w-fit"
              data-testid="flowbite-tooltip-target"
              onBlur={[Function]}
              onClick={[Function]}
              onFocus={[Function]}
              onKeyDown={[Function]}
              onKeyUp={[Function]}
              onMouseDown={[Function]}
              onMouseLeave={[Function]}
              onPointerDown={[Function]}
            >
              <button
                className="text-white bg-blue-700 border border-transparent hover:bg-blue-800 focus:ring-4 focus:ring-blue-300 disabled:hover:bg-blue-700 dark:bg-blue-600 dark:hover:bg-blue-700 dark:focus:ring-blue-800 dark:disabled:hover:bg-blue-600 focus:!ring-2 group flex h-min items-center justify-center p-0.5 text-center font-medium focus:z-10 rounded-lg"
                disabled={false}
                type="button"
              >
                <span
                  className="flex items-center rounded-md text-sm px-4 py-2"
                >
                  Categories
                  <svg
                    aria-hidden="true"
                    className="ml-2 h-4 w-4"
                    fill="none"
                    height="1em"
                    stroke="currentColor"
                    strokeWidth="2"
                    style={
                      Object {
                        "color": undefined,
                      }
                    }
                    viewBox="0 0 24 24"
                    width="1em"
                    xmlns="http://www.w3.org/2000/svg"
                  >
                    <path
                      d="M19 9l-7 7-7-7"
                      strokeLinecap="round"
                      strokeLinejoin="round"
                    />
                  </svg>
                </span>
              </button>
            </div>
            <div
              className="z-10 w-fit rounded divide-y divide-gray-100 shadow transition-opacity duration-100 invisible opacity-0 border border-gray-200 bg-white text-gray-900 dark:border-none dark:bg-gray-700 dark:text-white"
              data-testid="flowbite-tooltip"
              id=":r5:"
              role="tooltip"
              style={
                Object {
                  "left": " ",
                  "position": "absolute",
                  "top": " ",
                }
              }
              tabIndex={-1}
            >
              <div
                className="py-1 text-sm text-gray-700 dark:text-gray-200"
              >
                <ul
                  className="py-1"
                >
                  <li
                    className="flex items-center justify-start py-2 px-4 text-sm text-gray-700 cursor-pointer hover:bg-gray-100 dark:text-gray-200 dark:hover:bg-gray-600 dark:hover:text-white"
                    onClick={[Function]}
                  >
                    <input
                      checked={false}
                      className="w-4 h-4 text-blue-600 bg-gray-100 border-gray-300 rounded focus:ring-blue-500 dark:focus:ring-blue-600 dark:ring-offset-gray-700 dark:focus:ring-offset-gray-700 focus:ring-2 dark:bg-gray-600 dark:border-gray-500 p-2"
                      id="checkbox-item-1"
                      onChange={[Function]}
                      type="checkbox"
                    />
                    <span
                      className="pl-2"
                    >
                      academics
                    </span>
                  </li>
                  <li
                    className="flex items-center justify-start py-2 px-4 text-sm text-gray-700 cursor-pointer hover:bg-gray-100 dark:text-gray-200 dark:hover:bg-gray-600 dark:hover:text-white"
                    onClick={[Function]}
                  >
                    <input
                      checked={false}
                      className="w-4 h-4 text-blue-600 bg-gray-100 border-gray-300 rounded focus:ring-blue-500 dark:focus:ring-blue-600 dark:ring-offset-gray-700 dark:focus:ring-offset-gray-700 focus:ring-2 dark:bg-gray-600 dark:border-gray-500 p-2"
                      id="checkbox-item-1"
                      onChange={[Function]}
                      type="checkbox"
                    />
                    <span
                      className="pl-2"
                    >
                      sports
                    </span>
                  </li>
                  <li
                    className="flex items-center justify-start py-2 px-4 text-sm text-gray-700 cursor-pointer hover:bg-gray-100 dark:text-gray-200 dark:hover:bg-gray-600 dark:hover:text-white"
                    onClick={[Function]}
                  >
                    <input
                      checked={false}
                      className="w-4 h-4 text-blue-600 bg-gray-100 border-gray-300 rounded focus:ring-blue-500 dark:focus:ring-blue-600 dark:ring-offset-gray-700 dark:focus:ring-offset-gray-700 focus:ring-2 dark:bg-gray-600 dark:border-gray-500 p-2"
                      id="checkbox-item-1"
                      onChange={[Function]}
                      type="checkbox"
                    />
                    <span
                      className="pl-2"
                    >
                      arts
                    </span>
                  </li>
                  <li
                    className="flex items-center justify-start py-2 px-4 text-sm text-gray-700 cursor-pointer hover:bg-gray-100 dark:text-gray-200 dark:hover:bg-gray-600 dark:hover:text-white"
                    onClick={[Function]}
                  >
                    <input
                      checked={false}
                      className="w-4 h-4 text-blue-600 bg-gray-100 border-gray-300 rounded focus:ring-blue-500 dark:focus:ring-blue-600 dark:ring-offset-gray-700 dark:focus:ring-offset-gray-700 focus:ring-2 dark:bg-gray-600 dark:border-gray-500 p-2"
                      id="checkbox-item-1"
                      onChange={[Function]}
                      type="checkbox"
                    />
                    <span
                      className="pl-2"
                    >
                      fun
                    </span>
                  </li>
                  <li
                    className="flex items-center justify-start py-2 px-4 text-sm text-gray-700 cursor-pointer hover:bg-gray-100 dark:text-gray-200 dark:hover:bg-gray-600 dark:hover:text-white"
                    onClick={[Function]}
                  >
                    <input
                      checked={false}
                      className="w-4 h-4 text-blue-600 bg-gray-100 border-gray-300 rounded focus:ring-blue-500 dark:focus:ring-blue-600 dark:ring-offset-gray-700 dark:focus:ring-offset-gray-700 focus:ring-2 dark:bg-gray-600 dark:border-gray-500 p-2"
                      id="checkbox-item-1"
                      onChange={[Function]}
                      type="checkbox"
                    />
                    <span
                      className="pl-2"
                    >
                      other
                    </span>
                  </li>
                </ul>
              </div>
            </div>
          </div>
          <div
            className="mr-2"
          >
            <div
              className="w-fit"
              data-testid="flowbite-tooltip-target"
              onBlur={[Function]}
              onClick={[Function]}
              onFocus={[Function]}
              onKeyDown={[Function]}
              onKeyUp={[Function]}
              onMouseDown={[Function]}
              onMouseLeave={[Function]}
              onPointerDown={[Function]}
            >
              <button
                className="text-white bg-blue-700 border border-transparent hover:bg-blue-800 focus:ring-4 focus:ring-blue-300 disabled:hover:bg-blue-700 dark:bg-blue-600 dark:hover:bg-blue-700 dark:focus:ring-blue-800 dark:disabled:hover:bg-blue-600 focus:!ring-2 group flex h-min items-center justify-center p-0.5 text-center font-medium focus:z-10 rounded-lg"
                disabled={false}
                type="button"
              >
                <span
                  className="flex items-center rounded-md text-sm px-4 py-2"
                >
                  Event Status
                  <svg
                    aria-hidden="true"
                    className="ml-2 h-4 w-4"
                    fill="none"
                    height="1em"
                    stroke="currentColor"
                    strokeWidth="2"
                    style={
                      Object {
                        "color": undefined,
                      }
                    }
                    viewBox="0 0 24 24"
                    width="1em"
                    xmlns="http://www.w3.org/2000/svg"
                  >
                    <path
                      d="M19 9l-7 7-7-7"
                      strokeLinecap="round"
                      strokeLinejoin="round"
                    />
                  </svg>
                </span>
              </button>
            </div>
            <div
              className="z-10 w-fit rounded divide-y divide-gray-100 shadow transition-opacity duration-100 invisible opacity-0 border border-gray-200 bg-white text-gray-900 dark:border-none dark:bg-gray-700 dark:text-white"
              data-testid="flowbite-tooltip"
              id=":r7:"
              role="tooltip"
              style={
                Object {
                  "left": " ",
                  "position": "absolute",
                  "top": " ",
                }
              }
              tabIndex={-1}
            >
              <div
                className="py-1 text-sm text-gray-700 dark:text-gray-200"
              >
                <ul
                  className="py-1"
                >
                  <li
                    className="flex items-center justify-start py-2 px-4 text-sm text-gray-700 cursor-pointer hover:bg-gray-100 dark:text-gray-200 dark:hover:bg-gray-600 dark:hover:text-white"
                    onClick={[Function]}
                  >
                    <input
                      checked={false}
                      className="w-4 h-4 text-blue-600 bg-gray-100 border-gray-300 rounded focus:ring-blue-500 dark:focus:ring-blue-600 dark:ring-offset-gray-700 dark:focus:ring-offset-gray-700 focus:ring-2 dark:bg-gray-600 dark:border-gray-500 p-2"
                      id="checkbox-item-1"
                      onChange={[Function]}
                      type="checkbox"
                    />
                    <span
                      className="pl-2"
                    >
                      attending
                    </span>
                  </li>
                  <li
                    className="flex items-center justify-start py-2 px-4 text-sm text-gray-700 cursor-pointer hover:bg-gray-100 dark:text-gray-200 dark:hover:bg-gray-600 dark:hover:text-white"
                    onClick={[Function]}
                  >
                    <input
                      checked={false}
                      className="w-4 h-4 text-blue-600 bg-gray-100 border-gray-300 rounded focus:ring-blue-500 dark:focus:ring-blue-600 dark:ring-offset-gray-700 dark:focus:ring-offset-gray-700 focus:ring-2 dark:bg-gray-600 dark:border-gray-500 p-2"
                      id="checkbox-item-1"
                      onChange={[Function]}
                      type="checkbox"
                    />
                    <span
                      className="pl-2"
                    >
                      invited
                    </span>
                  </li>
                </ul>
              </div>
            </div>
          </div>
        </div>
      </div>
    </div>
    <div
      className="my-3 mb-5 w-11/12 items-center justify-center"
    />
  </div>
</div>
`;
