// Jest Snapshot v1, https://goo.gl/fbAQLP

exports[`matches snapshot 1`] = `
<div
  className="bg-stone-100 min-h-screen"
>
  <div
    onMouseEnter={[Function]}
    onMouseLeave={[Function]}
    style={
      Object {
        "bottom": 16,
        "left": 16,
        "pointerEvents": "none",
        "position": "fixed",
        "right": 16,
        "top": 16,
        "zIndex": 9999,
      }
    }
  >
    <div
      className="go4109123758"
      style={
        Object {
          "display": "flex",
          "justifyContent": "center",
          "left": 0,
          "position": "absolute",
          "right": 0,
          "top": 0,
          "transform": "translateY(0px)",
          "transition": undefined,
        }
      }
    >
      <div
        className="go2072408551"
        style={
          Object {
            "opacity": 0,
          }
        }
      >
        <div
          className="go685806154"
        >
          <div
            className="go1858758034"
          />
          <div
            className="go1579819456"
          >
            <div
              className="go2534082608"
            />
          </div>
        </div>
        <div
          aria-live="polite"
          className="go3958317564"
          role="status"
        >
          Email must end in @jhu.edu or @jh.edu
        </div>
      </div>
    </div>
  </div>
  <div
    className="mx-auto flex flex-col h-full"
  >
    <div
      className="w-full bg-slate-800 p-5 text-white flex flex-row flex-nowrap justify-center text-center items-center"
    >
      <a
        className="mx-2"
        href="/"
      >
        <span
          className="text-4xl font-extrabold italic text-blue-400 mr-1"
        >
          H
        </span>
        <span
          className="text-4xl"
        >
          opOut
        </span>
      </a>
    </div>
    <div
      className="flex items-center justify-center py-6"
    >
      <div
        className="w-full max-w-md"
      >
        <h2
          className="mt-6 text-center text-3xl font-bold tracking-tight text-gray-900"
        >
          Sign Up
        </h2>
        <form
          className="mt-8 space-y-6"
          onSubmit={[Function]}
        >
          <div
            className="rounded-md shadow-sm space-y-3"
          >
            <div>
              <label
                className="sr-only"
                htmlFor="email"
              >
                Email
              </label>
              <input
                autoComplete="email"
                className="relative block w-full appearance-none rounded border border-gray-300 px-3 py-2 text-gray-900 placeholder-gray-500 focus:z-10 focus:border-blue-500 focus:outline-none focus:ring-indigo-500"
                id="email"
                name="email"
                onChange={[Function]}
                placeholder="JHU Email"
                required={true}
                type="email"
                value=""
              />
            </div>
            <div>
              <label
                className="sr-only"
                htmlFor="name"
              >
                Name
              </label>
              <input
                autoComplete="name"
                className="relative block w-full appearance-none rounded border border-gray-300 px-3 py-2 text-gray-900 placeholder-gray-500 focus:z-10 focus:border-blue-500 focus:outline-none focus:ring-blue-500"
                id="name"
                name="name"
                onChange={[Function]}
                placeholder="Name"
                required={true}
                type="name"
                value=""
              />
            </div>
            <div>
              <label
                className="sr-only"
                htmlFor="password"
              >
                Password
              </label>
              <input
                autoComplete="current-password"
                className="relative block w-full appearance-none rounded border border-gray-300 px-3 py-2 text-gray-900 placeholder-gray-500 focus:z-10 focus:border-blue-500 focus:outline-none focus:ring-indigo-500"
                id="password"
                name="password"
                onChange={[Function]}
                placeholder="Password"
                required={true}
                type="password"
                value=""
              />
            </div>
            <div>
              <label
                className="sr-only"
                htmlFor="passwordconfirm"
              >
                Confirm password
              </label>
              <input
                autoComplete="current-password"
                className="relative block w-full appearance-none rounded border border-gray-300 px-3 py-2 text-gray-900 placeholder-gray-500 focus:z-10 focus:border-blue-500 focus:outline-none focus:ring-indigo-500"
                id="passwordconfirm"
                name="passwordconfirm"
                onChange={[Function]}
                placeholder="Confirm password"
                required={true}
                type="password"
                value=""
              />
            </div>
          </div>
          <div>
            <button
              className="group relative flex w-full justify-center rounded-md border border-transparent bg-blue-400 py-2 px-4 text-sm font-medium text-white hover:bg-slate-800 focus:outline-none focus:ring-2 focus:ring-indigo-500 focus:ring-offset-2"
              type="submit"
            >
              Create Account
            </button>
          </div>
        </form>
      </div>
    </div>
  </div>
</div>
`;
