// Jest Snapshot v1, https://goo.gl/fbAQLP

exports[`renders correctly when there are no todos 1`] = `null`;
